// Jest Snapshot v1, https://goo.gl/fbAQLP

exports[`Page snapshot 1`] = `
<DocumentFragment>
  <div
    class="flex flex-col items-center justify-items-center min-h-screen w-full p-8 bg-accent/10 "
  >
    <a
      href="/admin"
    >
      Admin
    </a>
    <a
      href="/admin/create/tracks"
    >
      Admin-Create-Track
    </a>
    <span
      class="border"
    >
      Hola farbits
    </span>
  </div>
</DocumentFragment>
`;
